// Jest Snapshot v1, https://goo.gl/fbAQLP

exports[`matches snapshot on "DESKTOP" 1`] = `
<Router
  history={
    Object {
      "action": "POP",
      "block": [Function],
      "createHref": [Function],
      "go": [Function],
      "goBack": [Function],
      "goForward": [Function],
      "length": 1,
      "listen": [Function],
      "location": Object {
        "hash": "",
        "pathname": "/",
        "search": "",
        "state": undefined,
      },
      "push": [Function],
      "replace": [Function],
    }
  }
>
  <Featured>
    <div
      className="mx-5 px-5 pb-5 pt-5 mb-5"
    >
      <div
        className="mx-5"
      >
        <h2
          className="font-weight-bold pb-4"
        >
          Featured
        </h2>
        <div
          className="card-deck "
        >
          <FeaturedCard
            discoverCardImgPath="./images/discover1.png"
            discoverCardSubtitle="Stacks"
            discoverCardTitle="Stacks 101"
            key="0"
          >
            <div
              className="card mr-5"
            >
              <img
                alt="Card cap"
                className="card-img-top img-fluid"
                src="./images/discover1.png"
              />
              <div
                className="card-body"
              >
                <p
                  className="card-title lead text-dark"
                >
                  Stacks 101
                </p>
              </div>
            </div>
          </FeaturedCard>
          <FeaturedCard
            discoverCardImgPath="./images/discover2.png"
            discoverCardSubtitle="Queues"
            discoverCardTitle="Queues 101"
            key="1"
          >
            <div
              className="card mr-5"
            >
              <img
                alt="Card cap"
                className="card-img-top img-fluid"
                src="./images/discover2.png"
              />
              <div
                className="card-body"
              >
                <p
                  className="card-title lead text-dark"
                >
                  Queues 101
                </p>
              </div>
            </div>
          </FeaturedCard>
          <FeaturedCard
            discoverCardImgPath="./images/discover3.png"
            discoverCardSubtitle="Linked List"
            discoverCardTitle="Linked List 101"
            key="2"
          >
            <div
              className="card mr-5"
            >
              <img
                alt="Card cap"
                className="card-img-top img-fluid"
                src="./images/discover3.png"
              />
              <div
                className="card-body"
              >
                <p
                  className="card-title lead text-dark"
                >
                  Linked List 101
                </p>
              </div>
            </div>
          </FeaturedCard>
          <FeaturedCard
            discoverCardImgPath="./images/discover4.png"
            discoverCardSubtitle="Binary"
            discoverCardTitle="Remembering Binary"
            key="3"
          >
            <div
              className="card mr-5"
            >
              <img
                alt="Card cap"
                className="card-img-top img-fluid"
                src="./images/discover4.png"
              />
              <div
                className="card-body"
              >
                <p
                  className="card-title lead text-dark"
                >
                  Remembering Binary
                </p>
              </div>
            </div>
          </FeaturedCard>
        </div>
      </div>
    </div>
  </Featured>
</Router>
`;

exports[`matches snapshot on "MOBILE" 1`] = `
<Router
  history={
    Object {
      "action": "POP",
      "block": [Function],
      "createHref": [Function],
      "go": [Function],
      "goBack": [Function],
      "goForward": [Function],
      "length": 1,
      "listen": [Function],
      "location": Object {
        "hash": "",
        "pathname": "/",
        "search": "",
        "state": undefined,
      },
      "push": [Function],
      "replace": [Function],
    }
  }
>
  <Featured>
    <div
      className="mx-5 px-5 pb-5 pt-5 mb-5"
    >
      <div
        className="mx-5"
      >
        <h2
          className="font-weight-bold pb-4"
        >
          Featured
        </h2>
        <div
          className="card-deck "
        >
          <FeaturedCard
            discoverCardImgPath="./images/discover1.png"
            discoverCardSubtitle="Stacks"
            discoverCardTitle="Stacks 101"
            key="0"
          >
            <div
              className="card mr-5"
            >
              <img
                alt="Card cap"
                className="card-img-top img-fluid"
                src="./images/discover1.png"
              />
              <div
                className="card-body"
              >
                <p
                  className="card-title lead text-dark"
                >
                  Stacks 101
                </p>
              </div>
            </div>
          </FeaturedCard>
          <FeaturedCard
            discoverCardImgPath="./images/discover2.png"
            discoverCardSubtitle="Queues"
            discoverCardTitle="Queues 101"
            key="1"
          >
            <div
              className="card mr-5"
            >
              <img
                alt="Card cap"
                className="card-img-top img-fluid"
                src="./images/discover2.png"
              />
              <div
                className="card-body"
              >
                <p
                  className="card-title lead text-dark"
                >
                  Queues 101
                </p>
              </div>
            </div>
          </FeaturedCard>
          <FeaturedCard
            discoverCardImgPath="./images/discover3.png"
            discoverCardSubtitle="Linked List"
            discoverCardTitle="Linked List 101"
            key="2"
          >
            <div
              className="card mr-5"
            >
              <img
                alt="Card cap"
                className="card-img-top img-fluid"
                src="./images/discover3.png"
              />
              <div
                className="card-body"
              >
                <p
                  className="card-title lead text-dark"
                >
                  Linked List 101
                </p>
              </div>
            </div>
          </FeaturedCard>
          <FeaturedCard
            discoverCardImgPath="./images/discover4.png"
            discoverCardSubtitle="Binary"
            discoverCardTitle="Remembering Binary"
            key="3"
          >
            <div
              className="card mr-5"
            >
              <img
                alt="Card cap"
                className="card-img-top img-fluid"
                src="./images/discover4.png"
              />
              <div
                className="card-body"
              >
                <p
                  className="card-title lead text-dark"
                >
                  Remembering Binary
                </p>
              </div>
            </div>
          </FeaturedCard>
        </div>
      </div>
    </div>
  </Featured>
</Router>
`;

exports[`matches snapshot on "TABLET" 1`] = `
<Router
  history={
    Object {
      "action": "POP",
      "block": [Function],
      "createHref": [Function],
      "go": [Function],
      "goBack": [Function],
      "goForward": [Function],
      "length": 1,
      "listen": [Function],
      "location": Object {
        "hash": "",
        "pathname": "/",
        "search": "",
        "state": undefined,
      },
      "push": [Function],
      "replace": [Function],
    }
  }
>
  <Featured>
    <div
      className="mx-5 px-5 pb-5 pt-5 mb-5"
    >
      <div
        className="mx-5"
      >
        <h2
          className="font-weight-bold pb-4"
        >
          Featured
        </h2>
        <div
          className="card-deck "
        >
          <FeaturedCard
            discoverCardImgPath="./images/discover1.png"
            discoverCardSubtitle="Stacks"
            discoverCardTitle="Stacks 101"
            key="0"
          >
            <div
              className="card mr-5"
            >
              <img
                alt="Card cap"
                className="card-img-top img-fluid"
                src="./images/discover1.png"
              />
              <div
                className="card-body"
              >
                <p
                  className="card-title lead text-dark"
                >
                  Stacks 101
                </p>
              </div>
            </div>
          </FeaturedCard>
          <FeaturedCard
            discoverCardImgPath="./images/discover2.png"
            discoverCardSubtitle="Queues"
            discoverCardTitle="Queues 101"
            key="1"
          >
            <div
              className="card mr-5"
            >
              <img
                alt="Card cap"
                className="card-img-top img-fluid"
                src="./images/discover2.png"
              />
              <div
                className="card-body"
              >
                <p
                  className="card-title lead text-dark"
                >
                  Queues 101
                </p>
              </div>
            </div>
          </FeaturedCard>
          <FeaturedCard
            discoverCardImgPath="./images/discover3.png"
            discoverCardSubtitle="Linked List"
            discoverCardTitle="Linked List 101"
            key="2"
          >
            <div
              className="card mr-5"
            >
              <img
                alt="Card cap"
                className="card-img-top img-fluid"
                src="./images/discover3.png"
              />
              <div
                className="card-body"
              >
                <p
                  className="card-title lead text-dark"
                >
                  Linked List 101
                </p>
              </div>
            </div>
          </FeaturedCard>
          <FeaturedCard
            discoverCardImgPath="./images/discover4.png"
            discoverCardSubtitle="Binary"
            discoverCardTitle="Remembering Binary"
            key="3"
          >
            <div
              className="card mr-5"
            >
              <img
                alt="Card cap"
                className="card-img-top img-fluid"
                src="./images/discover4.png"
              />
              <div
                className="card-body"
              >
                <p
                  className="card-title lead text-dark"
                >
                  Remembering Binary
                </p>
              </div>
            </div>
          </FeaturedCard>
        </div>
      </div>
    </div>
  </Featured>
</Router>
`;
