// Jest Snapshot v1, https://goo.gl/fbAQLP

exports[`matches snapshot on "DESKTOP" 1`] = `
<Router
  history={
    Object {
      "action": "POP",
      "block": [Function],
      "createHref": [Function],
      "go": [Function],
      "goBack": [Function],
      "goForward": [Function],
      "length": 1,
      "listen": [Function],
      "location": Object {
        "hash": "",
        "pathname": "/",
        "search": "",
        "state": undefined,
      },
      "push": [Function],
      "replace": [Function],
    }
  }
>
  <FeaturedCard
    discoverCardImgPath=""
    discoverCardTitle=""
  >
    <div
      className="card mr-5"
    >
      <img
        alt="Card cap"
        className="card-img-top img-fluid"
        src=""
      />
      <div
        className="card-body"
      >
        <p
          className="card-title lead text-dark"
        />
      </div>
    </div>
  </FeaturedCard>
</Router>
`;

exports[`matches snapshot on "MOBILE" 1`] = `
<Router
  history={
    Object {
      "action": "POP",
      "block": [Function],
      "createHref": [Function],
      "go": [Function],
      "goBack": [Function],
      "goForward": [Function],
      "length": 1,
      "listen": [Function],
      "location": Object {
        "hash": "",
        "pathname": "/",
        "search": "",
        "state": undefined,
      },
      "push": [Function],
      "replace": [Function],
    }
  }
>
  <FeaturedCard
    discoverCardImgPath=""
    discoverCardTitle=""
  >
    <div
      className="card mr-5"
    >
      <img
        alt="Card cap"
        className="card-img-top img-fluid"
        src=""
      />
      <div
        className="card-body"
      >
        <p
          className="card-title lead text-dark"
        />
      </div>
    </div>
  </FeaturedCard>
</Router>
`;

exports[`matches snapshot on "TABLET" 1`] = `
<Router
  history={
    Object {
      "action": "POP",
      "block": [Function],
      "createHref": [Function],
      "go": [Function],
      "goBack": [Function],
      "goForward": [Function],
      "length": 1,
      "listen": [Function],
      "location": Object {
        "hash": "",
        "pathname": "/",
        "search": "",
        "state": undefined,
      },
      "push": [Function],
      "replace": [Function],
    }
  }
>
  <FeaturedCard
    discoverCardImgPath=""
    discoverCardTitle=""
  >
    <div
      className="card mr-5"
    >
      <img
        alt="Card cap"
        className="card-img-top img-fluid"
        src=""
      />
      <div
        className="card-body"
      >
        <p
          className="card-title lead text-dark"
        />
      </div>
    </div>
  </FeaturedCard>
</Router>
`;
