// Jest Snapshot v1, https://goo.gl/fbAQLP

exports[`matches snapshot on "DESKTOP" 1`] = `
<Provider
  store={
    Object {
      "clearActions": [Function],
      "dispatch": [Function],
      "getActions": [Function],
      "getState": [Function],
      "replaceReducer": [Function],
      "subscribe": [Function],
    }
  }
>
  <Router
    history={
      Object {
        "action": "POP",
        "block": [Function],
        "createHref": [Function],
        "go": [Function],
        "goBack": [Function],
        "goForward": [Function],
        "length": 1,
        "listen": [Function],
        "location": Object {
          "hash": "",
          "pathname": "/",
          "search": "",
          "state": undefined,
        },
        "push": [Function],
        "replace": [Function],
      }
    }
  >
    <Connect(QuestionListContainer)>
      <QuestionListContainer
        displayFooter={[Function]}
        isPremiumUser={false}
      >
        <QuestionList
          challengeLinks={Array []}
          isPremiumUser={false}
        >
          <FadeIn>
            <div>
              <div
                key=".0"
                style={
                  Object {
                    "opacity": 0,
                    "transform": "translateY(20px)",
                    "transition": "opacity 400ms, transform 400ms",
                  }
                }
              >
                <QuestionListSection
                  categoryFilter="Arrays"
                  categoryTitle="Arrays"
                  challengeLinks={Array []}
                  isPremiumUser={false}
                >
                  <styled.div>
                    <div
                      className="sc-iqAclL fZUlSG"
                    >
                      <styled.p>
                        <p
                          className="sc-kEqXSa ccLrRR"
                        >
                          Arrays
                        </p>
                      </styled.p>
                      <styled.div>
                        <div
                          className="sc-crzoAE keRqTQ"
                        />
                      </styled.div>
                    </div>
                  </styled.div>
                </QuestionListSection>
              </div>
              <div
                key=".1"
                style={
                  Object {
                    "opacity": 0,
                    "transform": "translateY(20px)",
                    "transition": "opacity 400ms, transform 400ms",
                  }
                }
              >
                <QuestionListSection
                  categoryFilter="LinkedLists"
                  categoryTitle="Linked Lists"
                  challengeLinks={Array []}
                  isPremiumUser={false}
                >
                  <styled.div>
                    <div
                      className="sc-iqAclL fZUlSG"
                    >
                      <styled.p>
                        <p
                          className="sc-kEqXSa ccLrRR"
                        >
                          Linked Lists
                        </p>
                      </styled.p>
                      <styled.div>
                        <div
                          className="sc-crzoAE keRqTQ"
                        />
                      </styled.div>
                    </div>
                  </styled.div>
                </QuestionListSection>
              </div>
              <div
                key=".2"
                style={
                  Object {
                    "opacity": 0,
                    "transform": "translateY(20px)",
                    "transition": "opacity 400ms, transform 400ms",
                  }
                }
              >
                <QuestionListSection
                  categoryFilter="Trees"
                  categoryTitle="Trees"
                  challengeLinks={Array []}
                  isPremiumUser={false}
                >
                  <styled.div>
                    <div
                      className="sc-iqAclL fZUlSG"
                    >
                      <styled.p>
                        <p
                          className="sc-kEqXSa ccLrRR"
                        >
                          Trees
                        </p>
                      </styled.p>
                      <styled.div>
                        <div
                          className="sc-crzoAE keRqTQ"
                        />
                      </styled.div>
                    </div>
                  </styled.div>
                </QuestionListSection>
              </div>
            </div>
          </FadeIn>
        </QuestionList>
      </QuestionListContainer>
    </Connect(QuestionListContainer)>
  </Router>
</Provider>
`;

exports[`matches snapshot on "MOBILE" 1`] = `
<Provider
  store={
    Object {
      "clearActions": [Function],
      "dispatch": [Function],
      "getActions": [Function],
      "getState": [Function],
      "replaceReducer": [Function],
      "subscribe": [Function],
    }
  }
>
  <Router
    history={
      Object {
        "action": "POP",
        "block": [Function],
        "createHref": [Function],
        "go": [Function],
        "goBack": [Function],
        "goForward": [Function],
        "length": 1,
        "listen": [Function],
        "location": Object {
          "hash": "",
          "pathname": "/",
          "search": "",
          "state": undefined,
        },
        "push": [Function],
        "replace": [Function],
      }
    }
  >
    <Connect(QuestionListContainer)>
      <QuestionListContainer
        displayFooter={[Function]}
        isPremiumUser={false}
      >
        <QuestionList
          challengeLinks={Array []}
          isPremiumUser={false}
        >
          <FadeIn>
            <div>
              <div
                key=".0"
                style={
                  Object {
                    "opacity": 0,
                    "transform": "translateY(20px)",
                    "transition": "opacity 400ms, transform 400ms",
                  }
                }
              >
                <QuestionListSection
                  categoryFilter="Arrays"
                  categoryTitle="Arrays"
                  challengeLinks={Array []}
                  isPremiumUser={false}
                >
                  <styled.div>
                    <div
                      className="sc-iqAclL fZUlSG"
                    >
                      <styled.p>
                        <p
                          className="sc-kEqXSa ccLrRR"
                        >
                          Arrays
                        </p>
                      </styled.p>
                      <styled.div>
                        <div
                          className="sc-crzoAE keRqTQ"
                        />
                      </styled.div>
                    </div>
                  </styled.div>
                </QuestionListSection>
              </div>
              <div
                key=".1"
                style={
                  Object {
                    "opacity": 0,
                    "transform": "translateY(20px)",
                    "transition": "opacity 400ms, transform 400ms",
                  }
                }
              >
                <QuestionListSection
                  categoryFilter="LinkedLists"
                  categoryTitle="Linked Lists"
                  challengeLinks={Array []}
                  isPremiumUser={false}
                >
                  <styled.div>
                    <div
                      className="sc-iqAclL fZUlSG"
                    >
                      <styled.p>
                        <p
                          className="sc-kEqXSa ccLrRR"
                        >
                          Linked Lists
                        </p>
                      </styled.p>
                      <styled.div>
                        <div
                          className="sc-crzoAE keRqTQ"
                        />
                      </styled.div>
                    </div>
                  </styled.div>
                </QuestionListSection>
              </div>
              <div
                key=".2"
                style={
                  Object {
                    "opacity": 0,
                    "transform": "translateY(20px)",
                    "transition": "opacity 400ms, transform 400ms",
                  }
                }
              >
                <QuestionListSection
                  categoryFilter="Trees"
                  categoryTitle="Trees"
                  challengeLinks={Array []}
                  isPremiumUser={false}
                >
                  <styled.div>
                    <div
                      className="sc-iqAclL fZUlSG"
                    >
                      <styled.p>
                        <p
                          className="sc-kEqXSa ccLrRR"
                        >
                          Trees
                        </p>
                      </styled.p>
                      <styled.div>
                        <div
                          className="sc-crzoAE keRqTQ"
                        />
                      </styled.div>
                    </div>
                  </styled.div>
                </QuestionListSection>
              </div>
            </div>
          </FadeIn>
        </QuestionList>
      </QuestionListContainer>
    </Connect(QuestionListContainer)>
  </Router>
</Provider>
`;

exports[`matches snapshot on "TABLET" 1`] = `
<Provider
  store={
    Object {
      "clearActions": [Function],
      "dispatch": [Function],
      "getActions": [Function],
      "getState": [Function],
      "replaceReducer": [Function],
      "subscribe": [Function],
    }
  }
>
  <Router
    history={
      Object {
        "action": "POP",
        "block": [Function],
        "createHref": [Function],
        "go": [Function],
        "goBack": [Function],
        "goForward": [Function],
        "length": 1,
        "listen": [Function],
        "location": Object {
          "hash": "",
          "pathname": "/",
          "search": "",
          "state": undefined,
        },
        "push": [Function],
        "replace": [Function],
      }
    }
  >
    <Connect(QuestionListContainer)>
      <QuestionListContainer
        displayFooter={[Function]}
        isPremiumUser={false}
      >
        <QuestionList
          challengeLinks={Array []}
          isPremiumUser={false}
        >
          <FadeIn>
            <div>
              <div
                key=".0"
                style={
                  Object {
                    "opacity": 0,
                    "transform": "translateY(20px)",
                    "transition": "opacity 400ms, transform 400ms",
                  }
                }
              >
                <QuestionListSection
                  categoryFilter="Arrays"
                  categoryTitle="Arrays"
                  challengeLinks={Array []}
                  isPremiumUser={false}
                >
                  <styled.div>
                    <div
                      className="sc-iqAclL fZUlSG"
                    >
                      <styled.p>
                        <p
                          className="sc-kEqXSa ccLrRR"
                        >
                          Arrays
                        </p>
                      </styled.p>
                      <styled.div>
                        <div
                          className="sc-crzoAE keRqTQ"
                        />
                      </styled.div>
                    </div>
                  </styled.div>
                </QuestionListSection>
              </div>
              <div
                key=".1"
                style={
                  Object {
                    "opacity": 0,
                    "transform": "translateY(20px)",
                    "transition": "opacity 400ms, transform 400ms",
                  }
                }
              >
                <QuestionListSection
                  categoryFilter="LinkedLists"
                  categoryTitle="Linked Lists"
                  challengeLinks={Array []}
                  isPremiumUser={false}
                >
                  <styled.div>
                    <div
                      className="sc-iqAclL fZUlSG"
                    >
                      <styled.p>
                        <p
                          className="sc-kEqXSa ccLrRR"
                        >
                          Linked Lists
                        </p>
                      </styled.p>
                      <styled.div>
                        <div
                          className="sc-crzoAE keRqTQ"
                        />
                      </styled.div>
                    </div>
                  </styled.div>
                </QuestionListSection>
              </div>
              <div
                key=".2"
                style={
                  Object {
                    "opacity": 0,
                    "transform": "translateY(20px)",
                    "transition": "opacity 400ms, transform 400ms",
                  }
                }
              >
                <QuestionListSection
                  categoryFilter="Trees"
                  categoryTitle="Trees"
                  challengeLinks={Array []}
                  isPremiumUser={false}
                >
                  <styled.div>
                    <div
                      className="sc-iqAclL fZUlSG"
                    >
                      <styled.p>
                        <p
                          className="sc-kEqXSa ccLrRR"
                        >
                          Trees
                        </p>
                      </styled.p>
                      <styled.div>
                        <div
                          className="sc-crzoAE keRqTQ"
                        />
                      </styled.div>
                    </div>
                  </styled.div>
                </QuestionListSection>
              </div>
            </div>
          </FadeIn>
        </QuestionList>
      </QuestionListContainer>
    </Connect(QuestionListContainer)>
  </Router>
</Provider>
`;
